// Jest Snapshot v1, https://goo.gl/fbAQLP

exports[`snapshot 1`] = `
.c2 {
  position: absolute;
  width: 1px;
  height: 1px;
  padding: 0;
  margin: -1px;
  overflow: hidden;
  -webkit-clip: rect(0,0,0,0);
  clip: rect(0,0,0,0);
  white-space: nowrap;
  border-width: 0;
}

.c0 {
  width: 100%;
  background-color: var(--white);
  border-top: 1px solid var(--gray);
}

.c1 {
  padding: 3rem 0;
  width: 3rem;
  height: auto;
  display: block;
  margin: auto;
}

<div>
  <footer
    class="c0"
  >
    <div
      class="c1"
    >
      <a
        href="/"
      >
        <img
          alt="logo"
          data-nimg="1"
          decoding="async"
          height="60"
          loading="lazy"
          sizes="100vw"
          src="/_next/image?url=%2Fimages%2Fnav%2Fnav-logo.png&w=3840&q=75"
          srcset="/_next/image?url=%2Fimages%2Fnav%2Fnav-logo.png&w=640&q=75 640w, /_next/image?url=%2Fimages%2Fnav%2Fnav-logo.png&w=750&q=75 750w, /_next/image?url=%2Fimages%2Fnav%2Fnav-logo.png&w=828&q=75 828w, /_next/image?url=%2Fimages%2Fnav%2Fnav-logo.png&w=1080&q=75 1080w, /_next/image?url=%2Fimages%2Fnav%2Fnav-logo.png&w=1200&q=75 1200w, /_next/image?url=%2Fimages%2Fnav%2Fnav-logo.png&w=1920&q=75 1920w, /_next/image?url=%2Fimages%2Fnav%2Fnav-logo.png&w=2048&q=75 2048w, /_next/image?url=%2Fimages%2Fnav%2Fnav-logo.png&w=3840&q=75 3840w"
          style="color: transparent; width: 100%; height: auto;"
          width="52"
        />
        <span
          class="c2"
        >
          Home Page
        </span>
      </a>
    </div>
  </footer>
</div>
`;
